[colorlib.com/preview/theme/carrental/index.html]
[colorlib.com/preview/theme/carrental/img/fav.png]
[backblue.gif]
[fade.gif]
[index.html]
[colorlib.com/preview/theme/carrental/css/linearicons.css]
[colorlib.com/preview/theme/carrental/css/font-awesome.min.css]
[colorlib.com/preview/theme/carrental/css/bootstrap.css]
[colorlib.com/preview/theme/carrental/css/magnific-popup.css]
[colorlib.com/preview/theme/carrental/css/nice-select.css]
[colorlib.com/preview/theme/carrental/css/animate.min.css]
[code.jquery.com/ui/1.12.1/themes/base/jquery-ui.css]
[colorlib.com/preview/theme/carrental/css/owl.carousel.css]
[colorlib.com/preview/theme/carrental/css/main.css]
[colorlib.com/preview/theme/carrental/index-2.html]
[colorlib.com/preview/theme/carrental/img/logo.png]
[colorlib.com/preview/theme/carrental/about.html]
[colorlib.com/preview/theme/carrental/cars.html]
[colorlib.com/preview/theme/carrental/service.html]
[colorlib.com/preview/theme/carrental/team.html]
[colorlib.com/preview/theme/carrental/blog-home.html]
[colorlib.com/preview/theme/carrental/contact.html]
[colorlib.com/preview/theme/carrental/blog-single.html]
[colorlib.com/preview/theme/carrental/elements.html]
[colorlib.com/preview/theme/carrental/img/about-img.jpg]
[colorlib.com/preview/theme/carrental/img/car.jpg]
[colorlib.com/preview/theme/carrental/img/b1.jpg]
[colorlib.com/preview/theme/carrental/img/b2.jpg]
[colorlib.com/preview/theme/carrental/img/b3.jpg]
[colorlib.com/preview/theme/carrental/img/b4.jpg]
[cdnjs.cloudflare.com/ajax/libs/popper.js/1.12.9/umd/popper.min.js]
[colorlib.com/preview/theme/carrental/js/vendor/jquery-2.2.4.min.js]
[colorlib.com/preview/theme/carrental/js/vendor/bootstrap.min.js]
[colorlib.com/preview/theme/carrental/js/easing.min.js]
[colorlib.com/preview/theme/carrental/js/hoverIntent.js]
[code.jquery.com/ui/1.12.1/jquery-ui.js]
[colorlib.com/preview/theme/carrental/js/superfish.min.js]
[colorlib.com/preview/theme/carrental/js/jquery.ajaxchimp.min.js]
[colorlib.com/preview/theme/carrental/js/jquery.magnific-popup.min.js]
[colorlib.com/preview/theme/carrental/js/owl.carousel.min.js]
[colorlib.com/preview/theme/carrental/js/jquery.sticky.js]
[colorlib.com/preview/theme/carrental/js/jquery.nice-select.min.js]
[colorlib.com/preview/theme/carrental/js/waypoints.min.js]
[colorlib.com/preview/theme/carrental/js/jquery.counterup.min.js]
[colorlib.com/preview/theme/carrental/js/parallax.min.js]
[colorlib.com/preview/theme/carrental/js/mail-script.js]
[colorlib.com/preview/theme/carrental/js/main.js]
[colorlib.com/preview/theme/carrental/index.html]
[colorlib.com/preview/theme/carrental/img/fav.html]
[ajax.cloudflare.com/cdn-cgi/scripts/cb7744ae/cloudflare-static/rocket-loader.min.js]
[colorlib.com/preview/theme/carrental/fonts/Linearicons-Free54e9.eot]
[colorlib.com/preview/theme/carrental/fonts/Linearicons-Freed41d.eot]
[colorlib.com/preview/theme/carrental/fonts/Linearicons-Free54e9.woff2]
[colorlib.com/preview/theme/carrental/fonts/Linearicons-Free54e9.woff]
[colorlib.com/preview/theme/carrental/fonts/Linearicons-Free54e9.ttf]
[colorlib.com/preview/theme/carrental/css/linearicons.css]
[colorlib.com/preview/theme/carrental/fonts/fontawesome-webfont3e6e.eot]
[colorlib.com/preview/theme/carrental/fonts/Linearicons-Free54e9.svg]
[colorlib.com/preview/theme/carrental/fonts/fontawesome-webfontd41d.eot]
[colorlib.com/preview/theme/carrental/fonts/fontawesome-webfont3e6e.woff2]
[colorlib.com/preview/theme/carrental/fonts/fontawesome-webfont3e6e.woff]
[colorlib.com/preview/theme/carrental/fonts/fontawesome-webfont3e6e.ttf]
[colorlib.com/preview/theme/carrental/css/font-awesome.min.css]
[colorlib.com/preview/theme/carrental/css/bootstrap.css]
[colorlib.com/preview/theme/carrental/css/magnific-popup.css]
[colorlib.com/preview/theme/carrental/css/nice-select.css]
[colorlib.com/preview/theme/carrental/css/animate.min.css]
[colorlib.com/preview/theme/carrental/fonts/fontawesome-webfont3e6e.svg]
[code.jquery.com/ui/1.12.1/themes/base/images/ui-icons_444444_256x240.png]
[code.jquery.com/ui/1.12.1/themes/base/images/ui-icons_555555_256x240.png]
[code.jquery.com/ui/1.12.1/themes/base/images/ui-icons_ffffff_256x240.png]
[code.jquery.com/ui/1.12.1/themes/base/images/ui-icons_777620_256x240.png]
[code.jquery.com/ui/1.12.1/themes/base/images/ui-icons_cc0000_256x240.png]
[code.jquery.com/ui/1.12.1/themes/base/images/ui-icons_777777_256x240.png]
[code.jquery.com/ui/1.12.1/themes/base/jquery-ui.css]
[colorlib.com/preview/theme/carrental/css/owl.video.play.png]
[colorlib.com/preview/theme/carrental/css/owl.carousel.css]
[colorlib.com/preview/theme/carrental/img/elements/primary-check.png]
[colorlib.com/preview/theme/carrental/img/elements/success-check.png]
[colorlib.com/preview/theme/carrental/img/elements/disabled-check.png]
[colorlib.com/preview/theme/carrental/img/elements/primary-radio.png]
[colorlib.com/preview/theme/carrental/img/elements/success-radio.png]
[colorlib.com/preview/theme/carrental/img/elements/disabled-radio.png]
[colorlib.com/preview/theme/carrental/img/header-bg.jpg]
[colorlib.com/preview/theme/carrental/img/callaction-bg.jpg]
[colorlib.com/preview/theme/carrental/img/elements/blog/blog-banner.47.delayed]
[colorlib.com/preview/theme/carrental/css/main.css]
[colorlib.com/preview/theme/carrental/index-2.html]
[colorlib.com/preview/theme/carrental/img/elements/fav.png]
[colorlib.com/preview/theme/carrental/about.html]
[colorlib.com/preview/theme/carrental/cars.html]
[colorlib.com/preview/theme/carrental/service.html]
[colorlib.com/preview/theme/carrental/img/pages/t1.jpg]
[colorlib.com/preview/theme/carrental/img/pages/t2.jpg]
[colorlib.com/preview/theme/carrental/img/pages/t3.jpg]
[colorlib.com/preview/theme/carrental/img/pages/t4.jpg]
[colorlib.com/preview/theme/carrental/team.html]
[colorlib.com/preview/theme/carrental/img/blog/p1.jpg]
[colorlib.com/preview/theme/carrental/img/blog/p2.jpg]
[colorlib.com/preview/theme/carrental/img/blog/p3.jpg]
[colorlib.com/preview/theme/carrental/img/blog/p4.jpg]
[colorlib.com/preview/theme/carrental/img/blog/user2.jpg]
[colorlib.com/preview/theme/carrental/img/blog/r1.jpg]
[colorlib.com/preview/theme/carrental/img/blog/r2.jpg]
[colorlib.com/preview/theme/carrental/img/blog/r3.jpg]
[colorlib.com/preview/theme/carrental/img/blog/r4.jpg]
[colorlib.com/preview/theme/carrental/blog-home.html]
[colorlib.com/preview/theme/carrental/contact.html]
[colorlib.com/cdn-cgi/scripts/5c5dd728/cloudflare-static/email-decode.min.js]
[colorlib.com/preview/theme/carrental/img/blog/prev.jpg]
[colorlib.com/preview/theme/carrental/img/blog/next.jpg]
[colorlib.com/preview/theme/carrental/img/blog/c1.jpg]
[colorlib.com/preview/theme/carrental/img/blog/c2.jpg]
[colorlib.com/preview/theme/carrental/img/blog/c3.jpg]
[colorlib.com/preview/theme/carrental/img/blog/c4.jpg]
[colorlib.com/preview/theme/carrental/img/blog/c5.jpg]
[colorlib.com/preview/theme/carrental/blog-single.html]
[colorlib.com/preview/theme/carrental/img/elements/d.jpg]
[colorlib.com/preview/theme/carrental/img/elements/f1.jpg]
[colorlib.com/preview/theme/carrental/img/elements/f2.jpg]
[colorlib.com/preview/theme/carrental/img/elements/f3.jpg]
[colorlib.com/preview/theme/carrental/img/elements/f4.jpg]
[colorlib.com/preview/theme/carrental/img/elements/f5.jpg]
[colorlib.com/preview/theme/carrental/img/elements/f6.jpg]
[colorlib.com/preview/theme/carrental/img/elements/f7.jpg]
[colorlib.com/preview/theme/carrental/img/elements/f8.jpg]
[colorlib.com/preview/theme/carrental/img/elements/g1.jpg]
[colorlib.com/preview/theme/carrental/img/elements/g2.jpg]
[colorlib.com/preview/theme/carrental/img/elements/g3.jpg]
[colorlib.com/preview/theme/carrental/img/elements/g4.jpg]
[colorlib.com/preview/theme/carrental/img/elements/g5.jpg]
[colorlib.com/preview/theme/carrental/img/elements/g6.jpg]
[colorlib.com/preview/theme/carrental/img/elements/g7.jpg]
[colorlib.com/preview/theme/carrental/img/elements/g8.jpg]
[colorlib.com/preview/theme/carrental/elements.html]
[colorlib.com/preview/theme/carrental/fonts/Linearicons-Free54e9.svg]
[colorlib.com/preview/theme/carrental/fonts/fontawesome-webfont3e6e.svg]
[colorlib.com/preview/theme/carrental/css/owl.video.play.html]
[colorlib.com/preview/theme/carrental/img/elements/blog/blog-banner.html]
[colorlib.com/preview/theme/carrental/img/elements/fav.html]
